------------------------------------------------------------
Timing Analyzer Summary
------------------------------------------------------------

Type  : Slow 1100mV 100C Model Setup 'clk'
Slack : 0.058
TNS   : 0.000

Type  : Slow 1100mV 100C Model Hold 'clk'
Slack : 0.250
TNS   : 0.000

Type  : Slow 1100mV 100C Model Minimum Pulse Width 'clk'
Slack : -0.538
TNS   : -6.963

Type  : Slow 1100mV -40C Model Setup 'clk'
Slack : 0.082
TNS   : 0.000

Type  : Slow 1100mV -40C Model Hold 'clk'
Slack : 0.234
TNS   : 0.000

Type  : Slow 1100mV -40C Model Minimum Pulse Width 'clk'
Slack : -0.538
TNS   : -6.978

Type  : Fast 1100mV 100C Model Setup 'clk'
Slack : 0.483
TNS   : 0.000

Type  : Fast 1100mV 100C Model Hold 'clk'
Slack : 0.132
TNS   : 0.000

Type  : Fast 1100mV 100C Model Minimum Pulse Width 'clk'
Slack : -0.261
TNS   : -2.366

Type  : Fast 1100mV -40C Model Setup 'clk'
Slack : 0.519
TNS   : 0.000

Type  : Fast 1100mV -40C Model Hold 'clk'
Slack : 0.116
TNS   : 0.000

Type  : Fast 1100mV -40C Model Minimum Pulse Width 'clk'
Slack : -0.237
TNS   : -2.132

------------------------------------------------------------
