------------------------------------------------------------
Timing Analyzer Summary
------------------------------------------------------------

Type  : Slow 1100mV 100C Model Setup 'clk'
Slack : 0.044
TNS   : 0.000

Type  : Slow 1100mV 100C Model Hold 'clk'
Slack : 0.253
TNS   : 0.000

Type  : Slow 1100mV 100C Model Minimum Pulse Width 'clk'
Slack : -0.538
TNS   : -6.205

Type  : Slow 1100mV -40C Model Setup 'clk'
Slack : 0.056
TNS   : 0.000

Type  : Slow 1100mV -40C Model Hold 'clk'
Slack : 0.239
TNS   : 0.000

Type  : Slow 1100mV -40C Model Minimum Pulse Width 'clk'
Slack : -0.538
TNS   : -6.205

Type  : Fast 1100mV 100C Model Setup 'clk'
Slack : 0.476
TNS   : 0.000

Type  : Fast 1100mV 100C Model Hold 'clk'
Slack : 0.133
TNS   : 0.000

Type  : Fast 1100mV 100C Model Minimum Pulse Width 'clk'
Slack : -0.265
TNS   : -2.143

Type  : Fast 1100mV -40C Model Setup 'clk'
Slack : 0.508
TNS   : 0.000

Type  : Fast 1100mV -40C Model Hold 'clk'
Slack : 0.116
TNS   : 0.000

Type  : Fast 1100mV -40C Model Minimum Pulse Width 'clk'
Slack : -0.239
TNS   : -1.914

------------------------------------------------------------
